mysql> desc person;
+-------+-------------+------+-----+---------+----------------+
| Field | Type        | Null | Key | Default | Extra          |
+-------+-------------+------+-----+---------+----------------+
| pid   | int(11)     | NO   | PRI | NULL    | auto_increment |
| pname | varchar(15) | NO   |     | NULL    |                |
| dob   | date        | YES  |     | NULL    |                |
+-------+-------------+------+-----+---------+----------------+
3 rows in set (0.01 sec)

mysql> alter table person drop dob;
Query OK, 0 rows affected (0.69 sec)
Records: 0  Duplicates: 0  Warnings: 0

mysql> desc person;
+-------+-------------+------+-----+---------+----------------+
| Field | Type        | Null | Key | Default | Extra          |
+-------+-------------+------+-----+---------+----------------+
| pid   | int(11)     | NO   | PRI | NULL    | auto_increment |
| pname | varchar(15) | NO   |     | NULL    |                |
+-------+-------------+------+-----+---------+----------------+
2 rows in set (0.00 sec)

mysql> alter table person add age int;
Query OK, 0 rows affected (0.71 sec)
Records: 0  Duplicates: 0  Warnings: 0

mysql> desc person;
+-------+-------------+------+-----+---------+----------------+
| Field | Type        | Null | Key | Default | Extra          |
+-------+-------------+------+-----+---------+----------------+
| pid   | int(11)     | NO   | PRI | NULL    | auto_increment |
| pname | varchar(15) | NO   |     | NULL    |                |
| age   | int(11)     | YES  |     | NULL    |                |
+-------+-------------+------+-----+---------+----------------+
3 rows in set (0.00 sec)

mysql> alter table person add age int first;
ERROR 1060 (42S21): Duplicate column name 'age'
mysql> alter table person drop age;
Query OK, 0 rows affected (0.86 sec)
Records: 0  Duplicates: 0  Warnings: 0

mysql> desc person;
+-------+-------------+------+-----+---------+----------------+
| Field | Type        | Null | Key | Default | Extra          |
+-------+-------------+------+-----+---------+----------------+
| pid   | int(11)     | NO   | PRI | NULL    | auto_increment |
| pname | varchar(15) | NO   |     | NULL    |                |
+-------+-------------+------+-----+---------+----------------+
2 rows in set (0.00 sec)

mysql> alter table person add age int first;
Query OK, 0 rows affected (0.85 sec)
Records: 0  Duplicates: 0  Warnings: 0

mysql> desc person;
+-------+-------------+------+-----+---------+----------------+
| Field | Type        | Null | Key | Default | Extra          |
+-------+-------------+------+-----+---------+----------------+
| age   | int(11)     | YES  |     | NULL    |                |
| pid   | int(11)     | NO   | PRI | NULL    | auto_increment |
| pname | varchar(15) | NO   |     | NULL    |                |
+-------+-------------+------+-----+---------+----------------+
3 rows in set (0.02 sec)

mysql> alter table person drop age;
Query OK, 0 rows affected (0.74 sec)
Records: 0  Duplicates: 0  Warnings: 0

mysql> alter table person add age int after pid;
Query OK, 0 rows affected (0.75 sec)
Records: 0  Duplicates: 0  Warnings: 0

mysql> desc person;
+-------+-------------+------+-----+---------+----------------+
| Field | Type        | Null | Key | Default | Extra          |
+-------+-------------+------+-----+---------+----------------+
| pid   | int(11)     | NO   | PRI | NULL    | auto_increment |
| age   | int(11)     | YES  |     | NULL    |                |
| pname | varchar(15) | NO   |     | NULL    |                |
+-------+-------------+------+-----+---------+----------------+
3 rows in set (0.05 sec)

mysql> alter table person drop age;
^[[A^[[AQuery OK, 0 rows affected (0.69 sec)
Records: 0  Duplicates: 0  Warnings: 0

mysql> desc person;
+-------+-------------+------+-----+---------+----------------+
| Field | Type        | Null | Key | Default | Extra          |
+-------+-------------+------+-----+---------+----------------+
| pid   | int(11)     | NO   | PRI | NULL    | auto_increment |
| pname | varchar(15) | NO   |     | NULL    |                |
+-------+-------------+------+-----+---------+----------------+
2 rows in set (0.00 sec)

mysql> alter table person add age int;
Query OK, 0 rows affected (0.71 sec)
Records: 0  Duplicates: 0  Warnings: 0

mysql> desc person;
+-------+-------------+------+-----+---------+----------------+
| Field | Type        | Null | Key | Default | Extra          |
+-------+-------------+------+-----+---------+----------------+
| pid   | int(11)     | NO   | PRI | NULL    | auto_increment |
| pname | varchar(15) | NO   |     | NULL    |                |
| age   | int(11)     | YES  |     | NULL    |                |
+-------+-------------+------+-----+---------+----------------+
3 rows in set (0.00 sec)

